// Jest Snapshot v1, https://goo.gl/fbAQLP

exports[`<FriendsList/> should match snapshot 1`] = `ShallowWrapper {}`;

exports[`<FriendsList/> should match snapshot 2`] = `Array []`;
